// Vitest Snapshot v1, https://vitest.dev/guide/snapshot.html

exports[`arrayContainingOnly > should expect an array to contain only the expected values 1`] = `expected [ 1, 2, 2, 3 ] to deeply equal { Object ($$typeof, sample, ...) }`;

exports[`arrayContainingOnly > should expect an array to contain only the expected values 2`] = `expected [ 1, 2, 2, 3 ] to deeply equal not.arrayContainingOnly{â€¦}`;

exports[`arrayContainingOnly > should throw an error if the expected value is not an array 1`] = `
expect.arrayContainingOnly(1)

Matcher error: Expected value must be an array

Expected has type:  number
Expected has value: 1
`;

exports[`arrayContainingOnly > should throw an error if the received value is not an array 1`] = `expected 1 to deeply equal arrayContainingOnly<Array []>`;
